// Jest Snapshot v1, https://goo.gl/fbAQLP

exports[`getInitialProps sets cookies and redirects to / 1`] = `
Array [
  Array [
    "github_token",
    "TEST_GITHUB_TOKEN",
  ],
]
`;

exports[`getInitialProps sets cookies and redirects to / 2`] = `
Array [
  Array [
    302,
    Object {
      "Location": "/",
    },
  ],
]
`;
