// Jest Snapshot v1, https://goo.gl/fbAQLP

exports[`getInitialProps sets a \`githubToken\` cookie and redirects to / 1`] = `
Array [
  Array [
    "Set-Cookie",
    "githubToken=TEST_GITHUB_TOKEN; SameSite=Strict",
  ],
]
`;

exports[`getInitialProps sets a \`githubToken\` cookie and redirects to / 2`] = `
Array [
  Array [
    302,
    Object {
      "Location": "/",
    },
  ],
]
`;
